Modules list:
-------------
bios.o:
    CODE_MAIN         Offs=000000  Size=000137  Align=00001  Fill=0000
    KEY_LUT           Offs=000000  Size=000030  Align=00001  Fill=0000
    CHR_LUT           Offs=000000  Size=00007F  Align=00001  Fill=0000
    BLANK_AREA        Offs=000000  Size=00C600  Align=00001  Fill=0000
    VECTORS           Offs=000000  Size=000006  Align=00001  Fill=0000
monitor.o:
    CODE_MAIN         Offs=000137  Size=000145  Align=00001  Fill=0000
char_io.o:
    CODE_MAIN         Offs=00027C  Size=00012E  Align=00001  Fill=0000
    KEY_LUT           Offs=000030  Size=000030  Align=00001  Fill=0000
    CHR_LUT           Offs=00007F  Size=00007F  Align=00001  Fill=0000
floppy_rom.o:


Segment list:
-------------
Name                   Start     End    Size  Align
----------------------------------------------------
BLANK_AREA            000000  00C5FF  00C600  00001
CODE_MAIN             00E000  00E3A9  0003AA  00001
KEY_LUT               00E400  00E45F  000060  00001
CHR_LUT               00E480  00E57D  0000FE  00001
VECTORS               00FFFA  00FFFF  000006  00001


Exports list by name:
---------------------
PICO_RX                   00E108 RLA    PICO_TX                   00E0EA RLA    
init                      00E147 RLA    


Exports list by value:
----------------------
PICO_TX                   00E0EA RLA    PICO_RX                   00E108 RLA    
init                      00E147 RLA    


Imports list:
-------------
PICO_RX (bios.o):
    monitor.o                 monitor.asm(4)
PICO_TX (bios.o):
    monitor.o                 monitor.asm(5)
init (monitor.o):
    bios.o                    bios.asm(202)

