Modules list:
-------------
bios.o:
    CODE_MAIN         Offs=000000  Size=001153  Align=00001  Fill=0000
    BLANK_AREA        Offs=000000  Size=00C600  Align=00001  Fill=0000
    VECTORS           Offs=000000  Size=000006  Align=00001  Fill=0000
monitor.o:
    CODE_MAIN         Offs=001153  Size=000145  Align=00001  Fill=0000
char_io.o:
    CODE_MAIN         Offs=001298  Size=00012E  Align=00001  Fill=0000
    KEY_LUT           Offs=000000  Size=000030  Align=00001  Fill=0000
    CHR_LUT           Offs=000000  Size=00007F  Align=00001  Fill=0000
floppy_rom.o:


Segment list:
-------------
Name                   Start     End    Size  Align
----------------------------------------------------
BLANK_AREA            000000  00C5FF  00C600  00001
CODE_MAIN             00E000  00F3C5  0013C6  00001
KEY_LUT               00F400  00F42F  000030  00001
CHR_LUT               00F480  00F4FE  00007F  00001
VECTORS               00FFFA  00FFFF  000006  00001


Exports list by name:
---------------------
GETKEY                    00F2B2 RLA    PRNTCHR                   00F2FA RLA    
init                      00F163 RLA    


Exports list by value:
----------------------
init                      00F163 RLA    GETKEY                    00F2B2 RLA    
PRNTCHR                   00F2FA RLA    


Imports list:
-------------
GETKEY (char_io.o):
    monitor.o                 char_io.inc(11)
PRNTCHR (char_io.o):
    monitor.o                 char_io.inc(10)
init (monitor.o):
    bios.o                    bios.asm(204)

